// Jest Snapshot v1, https://goo.gl/fbAQLP

exports[`history the component renders 1`] = `
<DocumentFragment>
  <div
    class="history-table"
  >
    <table
      class="table table-striped"
      id="historytable"
    >
      <thead>
        <tr>
          <th>
            Date
          </th>
          <th>
            Time
          </th>
          <th>
            Title
          </th>
          <th>
            Weight
          </th>
          <th>
            Reps
          </th>
        </tr>
      </thead>
      <tbody />
    </table>
  </div>
</DocumentFragment>
`;
